PS C:\Users\Administrator\Desktop\capstone>
PS C:\Users\Administrator\Desktop\capstone>
PS C:\Users\Administrator\Desktop\capstone> $env:IDF_PATH = 'C:\Users\Administrator\esp\v5.3.1\esp-idf';
PS C:\Users\Administrator\Desktop\capstone>  & 'C:\Users\agree\.espressif\python_env\idf5.3_py3.11_env\Scripts\python.exe' 'C:\Users\Administrator\esp\v5.3.1\esp-idf\tools\idf_monitor.py' 
-p COM8 -b 115200 --toolchain-prefix xtensa-esp32-elf- --target esp32 'c:\Users\Administrator\Desktop\capstone\build\capstone.elf'
--- Warning: GDB cannot open serial ports accessed as COMx
--- Using \\.\COM8 instead...
--- esp-idf-monitor 1.5.0 on \\.\COM8 115200
--- Quit: Ctrl+] | Menu: Ctrl+T | Help: Ctrl+T followed by Ctrl+H
ets Jul 29 2019 12:21:46

rst:0x1 (POWERON_RESET),boot:0x13 (SPI_FAST_FLASH_BOOT)
configsip: 0, SPIWP:0xee
clk_drv:0x00,q_drv:0x00,d_drv:0x00,cs0_drv:0x00,hd_drv:0x00,wp_drv:0x00
mode:DIO, clock div:2
load:0x3fff0030,len:7176
load:0x40078000,len:15564
ho 0 tail 12 room 4
load:0x40080400,len:4
--- 0x40080400: _init at ??:?

load:0x40080404,len:3904
entry 0x40080640
I (31) boot: ESP-IDF v5.3.1 2nd stage bootloader
I (31) boot: compile time Dec  1 2024 10:45:08
I (31) boot: Multicore bootloader
I (35) boot: chip revision: v3.0
I (39) boot.esp32: SPI Speed      : 40MHz
I (44) boot.esp32: SPI Mode       : DIO
I (48) boot.esp32: SPI Flash Size : 2MB
I (53) boot: Enabling RNG early entropy source...
I (58) boot: Partition Table:
I (62) boot: ## Label            Usage          Type ST Offset   Length
I (69) boot:  0 nvs              WiFi data        01 02 00009000 00006000
I (77) boot:  1 phy_init         RF data          01 01 0000f000 00001000
I (84) boot:  2 factory          factory app      00 00 00010000 00100000
I (92) boot: End of partition table
I (96) esp_image: segment 0: paddr=00010020 vaddr=3f400020 size=095bch ( 38332) map
I (117) esp_image: segment 1: paddr=000195e4 vaddr=3ffb0000 size=0231ch (  8988) load
I (121) esp_image: segment 2: paddr=0001b908 vaddr=40080000 size=04710h ( 18192) load
I (131) esp_image: segment 3: paddr=00020020 vaddr=400d0020 size=13964h ( 80228) map
I (159) esp_image: segment 4: paddr=0003398c vaddr=40084710 size=08314h ( 33556) load
I (179) boot: Loaded app from partition at offset 0x10000
I (179) boot: Disabling RNG early entropy source...
I (191) cpu_start: Multicore app
I (199) cpu_start: Pro cpu start user code
I (199) cpu_start: cpu freq: 160000000 Hz
I (200) app_init: Application information:
I (202) app_init: Project name:     capstone
I (207) app_init: App version:      1
I (212) app_init: Compile time:     Dec  1 2024 10:44:51
I (218) app_init: ELF file SHA256:  50328c551...
I (223) app_init: ESP-IDF:          v5.3.1
I (228) efuse_init: Min chip rev:     v0.0
I (233) efuse_init: Max chip rev:     v3.99 
I (238) efuse_init: Chip rev:         v3.0
I (243) heap_init: Initializing. RAM available for dynamic allocation:
I (250) heap_init: At 3FFAE6E0 len 00001920 (6 KiB): DRAM
I (256) heap_init: At 3FFB2BF0 len 0002D410 (181 KiB): DRAM
I (262) heap_init: At 3FFE0440 len 00003AE0 (14 KiB): D/IRAM
I (268) heap_init: At 3FFE4350 len 0001BCB0 (111 KiB): D/IRAM
I (275) heap_init: At 4008CA24 len 000135DC (77 KiB): IRAM
I (282) spi_flash: detected chip: generic
I (285) spi_flash: flash io: dio
W (289) spi_flash: Detected size(4096k) larger than the size in the binary image header(2048k). Using the size in the binary image header.
I (303) main_task: Started on CPU0
I (313) main_task: Calling app_main()
I (313) MEMORY_DEBUG: calloc: 104  ./main/JAMscript-ESP32-port/cside-main/src/task.c:21. Total M count: 104

I (313) MEMORY_DEBUG: calloc: 16  ./main/JAMscript-ESP32-port/cside-main/src/task.c:22. Total M count: 120

The value of p is: 0x3ffaff3c
Read args: 1, 2, 3
Pointer of task->return_arg: 0x3ffaffa8 
I (333) MEMORY_DEBUG: Freed a task->return_arg ./main/JAMscript-ESP32-port/cside-main/src/task.c:42. Total M count: 104

I (343) MEMORY_DEBUG: Freed a task ./main/JAMscript-ESP32-port/cside-main/src/task.c:43. Total M count: 0